// Jest Snapshot v1, https://goo.gl/fbAQLP

exports[`renders correctly 1`] = `
<div>
  <section
    class="myProfileContainer"
  >
    <div
      class="sectionA"
    >
      <h2>
        My Missions
      </h2>
      <ul
        class="rockets"
      />
    </div>
    <div
      class="sectionB"
    >
      <h2>
        My Rockets
      </h2>
      <ul
        class="rockets"
      />
    </div>
  </section>
</div>
`;
