// Jest Snapshot v1, https://goo.gl/fbAQLP

exports[`renders correctly 1`] = `
<div>
  <header
    class="border-bottom mb-5 py-2"
  >
    <div>
      <img
        alt="logo"
        src="planet.png"
      />
      <h1>
        Space Travelers' Hub
      </h1>
    </div>
    <nav>
      <ul>
        <li>
          <a
            aria-current="page"
            class="active"
            href="/"
          >
            Rockets
          </a>
        </li>
        <li>
          <a
            class=""
            href="/missions"
          >
            Missions
          </a>
        </li>
        <li>
          <a
            class=""
            href="/my-profile"
          >
            My profile
          </a>
        </li>
      </ul>
    </nav>
  </header>
</div>
`;
